[     343ms] [INFO] %cDownload the React DevTools for a better development experience: https://react.dev/link/react-devtools font-weight:bold @ webpack-internal:///(app-pages-browser)/../node_modules/.pnpm/next@15.4.6_@opentelemetry+api@1.9.1_@playwright+test@1.58.2_react-dom@19.2.0_react@19.2.0__react@19.2.0/node_modules/next/dist/compiled/react-dom/cjs/react-dom-client.development.js:25581
[     420ms] [WARNING] You have Reduced Motion enabled on your device. Animations may not appear as expected.. For more information and steps for solving, visit https://motion.dev/troubleshooting/reduced-motion-disabled @ webpack-internal:///(app-pages-browser)/../node_modules/.pnpm/motion-utils@12.39.0/node_modules/motion-utils/dist/es/warn-once.mjs:15
[  486645ms] [LOG] [Fast Refresh] rebuilding @ webpack-internal:///(app-pages-browser)/../node_modules/.pnpm/next@15.4.6_@opentelemetry+api@1.9.1_@playwright+test@1.58.2_react-dom@19.2.0_react@19.2.0__react@19.2.0/node_modules/next/dist/client/dev/hot-reloader/app/hot-reloader-app.js:196
[  487110ms] [LOG] [Fast Refresh] done in 464ms @ webpack-internal:///(app-pages-browser)/../node_modules/.pnpm/next@15.4.6_@opentelemetry+api@1.9.1_@playwright+test@1.58.2_react-dom@19.2.0_react@19.2.0__react@19.2.0/node_modules/next/dist/client/dev/report-hmr-latency.js:13
[  490258ms] [LOG] [Fast Refresh] rebuilding @ webpack-internal:///(app-pages-browser)/../node_modules/.pnpm/next@15.4.6_@opentelemetry+api@1.9.1_@playwright+test@1.58.2_react-dom@19.2.0_react@19.2.0__react@19.2.0/node_modules/next/dist/client/dev/hot-reloader/app/hot-reloader-app.js:196
[  490665ms] [LOG] [Fast Refresh] done in 408ms @ webpack-internal:///(app-pages-browser)/../node_modules/.pnpm/next@15.4.6_@opentelemetry+api@1.9.1_@playwright+test@1.58.2_react-dom@19.2.0_react@19.2.0__react@19.2.0/node_modules/next/dist/client/dev/report-hmr-latency.js:13
[  493069ms] [LOG] [Fast Refresh] rebuilding @ webpack-internal:///(app-pages-browser)/../node_modules/.pnpm/next@15.4.6_@opentelemetry+api@1.9.1_@playwright+test@1.58.2_react-dom@19.2.0_react@19.2.0__react@19.2.0/node_modules/next/dist/client/dev/hot-reloader/app/hot-reloader-app.js:196
[  493315ms] [LOG] [Fast Refresh] done in 246ms @ webpack-internal:///(app-pages-browser)/../node_modules/.pnpm/next@15.4.6_@opentelemetry+api@1.9.1_@playwright+test@1.58.2_react-dom@19.2.0_react@19.2.0__react@19.2.0/node_modules/next/dist/client/dev/report-hmr-latency.js:13
[ 4029171ms] [LOG] [Fast Refresh] rebuilding @ webpack-internal:///(app-pages-browser)/../node_modules/.pnpm/next@15.4.6_@opentelemetry+api@1.9.1_@playwright+test@1.58.2_react-dom@19.2.0_react@19.2.0__react@19.2.0/node_modules/next/dist/client/dev/hot-reloader/app/hot-reloader-app.js:196
[ 4030362ms] [LOG] [Fast Refresh] done in 1191ms @ webpack-internal:///(app-pages-browser)/../node_modules/.pnpm/next@15.4.6_@opentelemetry+api@1.9.1_@playwright+test@1.58.2_react-dom@19.2.0_react@19.2.0__react@19.2.0/node_modules/next/dist/client/dev/report-hmr-latency.js:13
[ 4154535ms] [LOG] [Fast Refresh] rebuilding @ webpack-internal:///(app-pages-browser)/../node_modules/.pnpm/next@15.4.6_@opentelemetry+api@1.9.1_@playwright+test@1.58.2_react-dom@19.2.0_react@19.2.0__react@19.2.0/node_modules/next/dist/client/dev/hot-reloader/app/hot-reloader-app.js:196
[ 4154822ms] [LOG] [Fast Refresh] done in 286ms @ webpack-internal:///(app-pages-browser)/../node_modules/.pnpm/next@15.4.6_@opentelemetry+api@1.9.1_@playwright+test@1.58.2_react-dom@19.2.0_react@19.2.0__react@19.2.0/node_modules/next/dist/client/dev/report-hmr-latency.js:13
[ 4381993ms] [LOG] [Fast Refresh] rebuilding @ webpack-internal:///(app-pages-browser)/../node_modules/.pnpm/next@15.4.6_@opentelemetry+api@1.9.1_@playwright+test@1.58.2_react-dom@19.2.0_react@19.2.0__react@19.2.0/node_modules/next/dist/client/dev/hot-reloader/app/hot-reloader-app.js:196
[ 4382396ms] [LOG] [Fast Refresh] done in 403ms @ webpack-internal:///(app-pages-browser)/../node_modules/.pnpm/next@15.4.6_@opentelemetry+api@1.9.1_@playwright+test@1.58.2_react-dom@19.2.0_react@19.2.0__react@19.2.0/node_modules/next/dist/client/dev/report-hmr-latency.js:13
[ 4403633ms] [LOG] [Fast Refresh] rebuilding @ webpack-internal:///(app-pages-browser)/../node_modules/.pnpm/next@15.4.6_@opentelemetry+api@1.9.1_@playwright+test@1.58.2_react-dom@19.2.0_react@19.2.0__react@19.2.0/node_modules/next/dist/client/dev/hot-reloader/app/hot-reloader-app.js:196
[ 4403877ms] [LOG] [Fast Refresh] rebuilding @ webpack-internal:///(app-pages-browser)/../node_modules/.pnpm/next@15.4.6_@opentelemetry+api@1.9.1_@playwright+test@1.58.2_react-dom@19.2.0_react@19.2.0__react@19.2.0/node_modules/next/dist/client/dev/hot-reloader/app/hot-reloader-app.js:196
[ 4403898ms] [LOG] [Fast Refresh] done in 21ms @ webpack-internal:///(app-pages-browser)/../node_modules/.pnpm/next@15.4.6_@opentelemetry+api@1.9.1_@playwright+test@1.58.2_react-dom@19.2.0_react@19.2.0__react@19.2.0/node_modules/next/dist/client/dev/report-hmr-latency.js:13
[ 4404358ms] [LOG] [Fast Refresh] done in 480ms @ webpack-internal:///(app-pages-browser)/../node_modules/.pnpm/next@15.4.6_@opentelemetry+api@1.9.1_@playwright+test@1.58.2_react-dom@19.2.0_react@19.2.0__react@19.2.0/node_modules/next/dist/client/dev/report-hmr-latency.js:13
[ 4414377ms] [LOG] [Fast Refresh] rebuilding @ webpack-internal:///(app-pages-browser)/../node_modules/.pnpm/next@15.4.6_@opentelemetry+api@1.9.1_@playwright+test@1.58.2_react-dom@19.2.0_react@19.2.0__react@19.2.0/node_modules/next/dist/client/dev/hot-reloader/app/hot-reloader-app.js:196
[ 4414583ms] [LOG] [Fast Refresh] rebuilding @ webpack-internal:///(app-pages-browser)/../node_modules/.pnpm/next@15.4.6_@opentelemetry+api@1.9.1_@playwright+test@1.58.2_react-dom@19.2.0_react@19.2.0__react@19.2.0/node_modules/next/dist/client/dev/hot-reloader/app/hot-reloader-app.js:196
[ 4414595ms] [LOG] [Fast Refresh] done in 12ms @ webpack-internal:///(app-pages-browser)/../node_modules/.pnpm/next@15.4.6_@opentelemetry+api@1.9.1_@playwright+test@1.58.2_react-dom@19.2.0_react@19.2.0__react@19.2.0/node_modules/next/dist/client/dev/report-hmr-latency.js:13
[ 4414672ms] [LOG] [Fast Refresh] done in 90ms @ webpack-internal:///(app-pages-browser)/../node_modules/.pnpm/next@15.4.6_@opentelemetry+api@1.9.1_@playwright+test@1.58.2_react-dom@19.2.0_react@19.2.0__react@19.2.0/node_modules/next/dist/client/dev/report-hmr-latency.js:13
[ 4497806ms] [LOG] [Fast Refresh] rebuilding @ webpack-internal:///(app-pages-browser)/../node_modules/.pnpm/next@15.4.6_@opentelemetry+api@1.9.1_@playwright+test@1.58.2_react-dom@19.2.0_react@19.2.0__react@19.2.0/node_modules/next/dist/client/dev/hot-reloader/app/hot-reloader-app.js:196
[ 4498149ms] [LOG] [Fast Refresh] done in 344ms @ webpack-internal:///(app-pages-browser)/../node_modules/.pnpm/next@15.4.6_@opentelemetry+api@1.9.1_@playwright+test@1.58.2_react-dom@19.2.0_react@19.2.0__react@19.2.0/node_modules/next/dist/client/dev/report-hmr-latency.js:13
[ 4498199ms] [LOG] [Fast Refresh] rebuilding @ webpack-internal:///(app-pages-browser)/../node_modules/.pnpm/next@15.4.6_@opentelemetry+api@1.9.1_@playwright+test@1.58.2_react-dom@19.2.0_react@19.2.0__react@19.2.0/node_modules/next/dist/client/dev/hot-reloader/app/hot-reloader-app.js:196
[ 4498716ms] [LOG] [Fast Refresh] done in 516ms @ webpack-internal:///(app-pages-browser)/../node_modules/.pnpm/next@15.4.6_@opentelemetry+api@1.9.1_@playwright+test@1.58.2_react-dom@19.2.0_react@19.2.0__react@19.2.0/node_modules/next/dist/client/dev/report-hmr-latency.js:13
[ 4499479ms] [ERROR] Failed to load resource: the server responded with a status of 404 (Not Found) @ http://localhost:3005/_next/static/css/app/layout.css?v=1785513003872:0
[ 4499483ms] Event
[ 4499857ms] [LOG] [Fast Refresh] rebuilding @ webpack-internal:///(app-pages-browser)/../node_modules/.pnpm/next@15.4.6_@opentelemetry+api@1.9.1_@playwright+test@1.58.2_react-dom@19.2.0_react@19.2.0__react@19.2.0/node_modules/next/dist/client/dev/hot-reloader/app/hot-reloader-app.js:196
[ 4500177ms] [LOG] [Fast Refresh] done in 320ms @ webpack-internal:///(app-pages-browser)/../node_modules/.pnpm/next@15.4.6_@opentelemetry+api@1.9.1_@playwright+test@1.58.2_react-dom@19.2.0_react@19.2.0__react@19.2.0/node_modules/next/dist/client/dev/report-hmr-latency.js:13
[ 4501151ms] [ERROR] Failed to load resource: the server responded with a status of 404 (Not Found) @ http://localhost:3005/_next/static/css/app/layout.css?v=1785513006650:0
[ 4501157ms] Event
[ 4579061ms] [LOG] [Fast Refresh] rebuilding @ webpack-internal:///(app-pages-browser)/../node_modules/.pnpm/next@15.4.6_@opentelemetry+api@1.9.1_@playwright+test@1.58.2_react-dom@19.2.0_react@19.2.0__react@19.2.0/node_modules/next/dist/client/dev/hot-reloader/app/hot-reloader-app.js:196
[ 4579391ms] [LOG] [Fast Refresh] done in 330ms @ webpack-internal:///(app-pages-browser)/../node_modules/.pnpm/next@15.4.6_@opentelemetry+api@1.9.1_@playwright+test@1.58.2_react-dom@19.2.0_react@19.2.0__react@19.2.0/node_modules/next/dist/client/dev/report-hmr-latency.js:13
[ 4587960ms] [LOG] [Fast Refresh] rebuilding @ webpack-internal:///(app-pages-browser)/../node_modules/.pnpm/next@15.4.6_@opentelemetry+api@1.9.1_@playwright+test@1.58.2_react-dom@19.2.0_react@19.2.0__react@19.2.0/node_modules/next/dist/client/dev/hot-reloader/app/hot-reloader-app.js:196
[ 4588089ms] [LOG] [Fast Refresh] done in 128ms @ webpack-internal:///(app-pages-browser)/../node_modules/.pnpm/next@15.4.6_@opentelemetry+api@1.9.1_@playwright+test@1.58.2_react-dom@19.2.0_react@19.2.0__react@19.2.0/node_modules/next/dist/client/dev/report-hmr-latency.js:13
[ 4683129ms] [LOG] [Fast Refresh] rebuilding @ webpack-internal:///(app-pages-browser)/../node_modules/.pnpm/next@15.4.6_@opentelemetry+api@1.9.1_@playwright+test@1.58.2_react-dom@19.2.0_react@19.2.0__react@19.2.0/node_modules/next/dist/client/dev/hot-reloader/app/hot-reloader-app.js:196
[ 4683774ms] [LOG] [Fast Refresh] done in 645ms @ webpack-internal:///(app-pages-browser)/../node_modules/.pnpm/next@15.4.6_@opentelemetry+api@1.9.1_@playwright+test@1.58.2_react-dom@19.2.0_react@19.2.0__react@19.2.0/node_modules/next/dist/client/dev/report-hmr-latency.js:13
[ 4684470ms] [LOG] [Fast Refresh] rebuilding @ webpack-internal:///(app-pages-browser)/../node_modules/.pnpm/next@15.4.6_@opentelemetry+api@1.9.1_@playwright+test@1.58.2_react-dom@19.2.0_react@19.2.0__react@19.2.0/node_modules/next/dist/client/dev/hot-reloader/app/hot-reloader-app.js:196
[ 4684556ms] [LOG] [Fast Refresh] done in 86ms @ webpack-internal:///(app-pages-browser)/../node_modules/.pnpm/next@15.4.6_@opentelemetry+api@1.9.1_@playwright+test@1.58.2_react-dom@19.2.0_react@19.2.0__react@19.2.0/node_modules/next/dist/client/dev/report-hmr-latency.js:13
[ 4721259ms] [LOG] [Fast Refresh] rebuilding @ webpack-internal:///(app-pages-browser)/../node_modules/.pnpm/next@15.4.6_@opentelemetry+api@1.9.1_@playwright+test@1.58.2_react-dom@19.2.0_react@19.2.0__react@19.2.0/node_modules/next/dist/client/dev/hot-reloader/app/hot-reloader-app.js:196
[ 4721550ms] [LOG] [Fast Refresh] done in 292ms @ webpack-internal:///(app-pages-browser)/../node_modules/.pnpm/next@15.4.6_@opentelemetry+api@1.9.1_@playwright+test@1.58.2_react-dom@19.2.0_react@19.2.0__react@19.2.0/node_modules/next/dist/client/dev/report-hmr-latency.js:13
[ 4762593ms] [LOG] [Fast Refresh] rebuilding @ webpack-internal:///(app-pages-browser)/../node_modules/.pnpm/next@15.4.6_@opentelemetry+api@1.9.1_@playwright+test@1.58.2_react-dom@19.2.0_react@19.2.0__react@19.2.0/node_modules/next/dist/client/dev/hot-reloader/app/hot-reloader-app.js:196
[ 4763471ms] [WARNING] [Fast Refresh] performing full reload

Fast Refresh will perform a full reload when you edit a file that's imported by modules outside of the React rendering tree.
You might have a file which exports a React component but also exports a value that is imported by a non-React component file.
Consider migrating the non-React component export to a separate file and importing it into both files.

It is also possible the parent component of the component you edited is a class component, which disables Fast Refresh.
Fast Refresh requires at least one parent function component in your React tree. @ webpack-internal:///(app-pages-browser)/../node_modules/.pnpm/next@15.4.6_@opentelemetry+api@1.9.1_@playwright+test@1.58.2_react-dom@19.2.0_react@19.2.0__react@19.2.0/node_modules/next/dist/client/dev/hot-reloader/app/hot-reloader-app.js:111
[ 4763999ms] [ERROR] Failed to load resource: the server responded with a status of 500 (Internal Server Error) @ http://localhost:3005/:0
[ 4764749ms] [ERROR] Failed to load resource: the server responded with a status of 404 (Not Found) @ http://localhost:3005/_next/static/chunks/main-app.js:0
[ 4764751ms] [ERROR] Failed to load resource: the server responded with a status of 404 (Not Found) @ http://localhost:3005/_next/static/chunks/app-pages-internals.js:0
[ 4765009ms] [ERROR] Failed to load resource: the server responded with a status of 500 (Internal Server Error) @ http://localhost:3005/icon.svg?22b9daf96430a10f:0
[ 4768010ms] [WARNING] The resource http://localhost:3005/_next/static/css/app/layout.css?v=1785513269223 was preloaded using link preload but not used within a few seconds from the window's load event. Please make sure it has an appropriate `as` value and it is preloaded intentionally. @ http://localhost:3005/:0
