[     502ms] [INFO] %cDownload the React DevTools for a better development experience: https://react.dev/link/react-devtools font-weight:bold @ webpack-internal:///(app-pages-browser)/../node_modules/.pnpm/next@15.4.6_@opentelemetry+api@1.9.1_@playwright+test@1.58.2_react-dom@19.2.0_react@19.2.0__react@19.2.0/node_modules/next/dist/compiled/react-dom/cjs/react-dom-client.development.js:25581
[  614689ms] [LOG] [Fast Refresh] rebuilding @ webpack-internal:///(app-pages-browser)/../node_modules/.pnpm/next@15.4.6_@opentelemetry+api@1.9.1_@playwright+test@1.58.2_react-dom@19.2.0_react@19.2.0__react@19.2.0/node_modules/next/dist/client/dev/hot-reloader/app/hot-reloader-app.js:196
[  616946ms] [LOG] [Fast Refresh] rebuilding @ webpack-internal:///(app-pages-browser)/../node_modules/.pnpm/next@15.4.6_@opentelemetry+api@1.9.1_@playwright+test@1.58.2_react-dom@19.2.0_react@19.2.0__react@19.2.0/node_modules/next/dist/client/dev/hot-reloader/app/hot-reloader-app.js:196
[  617007ms] [LOG] [Fast Refresh] done in 62ms @ webpack-internal:///(app-pages-browser)/../node_modules/.pnpm/next@15.4.6_@opentelemetry+api@1.9.1_@playwright+test@1.58.2_react-dom@19.2.0_react@19.2.0__react@19.2.0/node_modules/next/dist/client/dev/report-hmr-latency.js:13
[  618612ms] [LOG] [Fast Refresh] done in 1666ms @ webpack-internal:///(app-pages-browser)/../node_modules/.pnpm/next@15.4.6_@opentelemetry+api@1.9.1_@playwright+test@1.58.2_react-dom@19.2.0_react@19.2.0__react@19.2.0/node_modules/next/dist/client/dev/report-hmr-latency.js:13
[  619804ms] [ERROR] Failed to load resource: the server responded with a status of 500 (Internal Server Error) @ http://localhost:3005/?_rsc=fsnpp:0
[  620597ms] [INFO] %cDownload the React DevTools for a better development experience: https://react.dev/link/react-devtools font-weight:bold @ webpack-internal:///(app-pages-browser)/../node_modules/.pnpm/next@15.4.6_@opentelemetry+api@1.9.1_@playwright+test@1.58.2_react-dom@19.2.0_react@19.2.0__react@19.2.0/node_modules/next/dist/compiled/react-dom/cjs/react-dom-client.development.js:25581
[  620684ms] TypeError: Cannot read properties of undefined (reading 'call')
    at options.factory (http://localhost:3005/_next/static/chunks/webpack.js?v=1785508129316:704:31)
    at __webpack_require__ (http://localhost:3005/_next/static/chunks/webpack.js?v=1785508129316:29:33)
    at fn (http://localhost:3005/_next/static/chunks/webpack.js?v=1785508129316:361:21)
    at eval (webpack-internal:///(app-pages-browser)/./node_modules/.pnpm/next@15.5.22_react-dom@19.2.8_react@19.2.8__react@19.2.8/node_modules/next/dist/compiled/react/cjs/react-jsx-dev-runtime.development.js:274:17)
    at eval (webpack-internal:///(app-pages-browser)/./node_modules/.pnpm/next@15.5.22_react-dom@19.2.8_react@19.2.8__react@19.2.8/node_modules/next/dist/compiled/react/cjs/react-jsx-dev-runtime.development.js:326:5)
    at (app-pages-browser)/./node_modules/.pnpm/next@15.5.22_react-dom@19.2.8_react@19.2.8__react@19.2.8/node_modules/next/dist/compiled/react/cjs/react-jsx-dev-runtime.development.js (http://localhost:3005/_next/static/chunks/app/page.js:4510:1)
    at options.factory (http://localhost:3005/_next/static/chunks/webpack.js?v=1785508129316:704:31)
    at __webpack_require__ (http://localhost:3005/_next/static/chunks/webpack.js?v=1785508129316:29:33)
    at fn (http://localhost:3005/_next/static/chunks/webpack.js?v=1785508129316:361:21)
    at eval (webpack-internal:///(app-pages-browser)/./node_modules/.pnpm/next@15.5.22_react-dom@19.2.8_react@19.2.8__react@19.2.8/node_modules/next/dist/compiled/react/jsx-dev-runtime.js:4:20)
    at (app-pages-browser)/./node_modules/.pnpm/next@15.5.22_react-dom@19.2.8_react@19.2.8__react@19.2.8/node_modules/next/dist/compiled/react/jsx-dev-runtime.js (http://localhost:3005/_next/static/chunks/app/page.js:4521:1)
    at options.factory (http://localhost:3005/_next/static/chunks/webpack.js?v=1785508129316:704:31)
    at __webpack_require__ (http://localhost:3005/_next/static/chunks/webpack.js?v=1785508129316:29:33)
    at fn (http://localhost:3005/_next/static/chunks/webpack.js?v=1785508129316:361:21)
    at eval (webpack-internal:///(app-pages-browser)/./components/motion.tsx:10:79)
    at (app-pages-browser)/./components/motion.tsx (http://localhost:3005/_next/static/chunks/app/page.js:4456:1)
    at options.factory (http://localhost:3005/_next/static/chunks/webpack.js?v=1785508129316:704:31)
    at __webpack_require__ (http://localhost:3005/_next/static/chunks/webpack.js?v=1785508129316:29:33)
    at fn (http://localhost:3005/_next/static/chunks/webpack.js?v=1785508129316:361:21)
[  620684ms] TypeError: Cannot read properties of undefined (reading 'call')
    at options.factory (http://localhost:3005/_next/static/chunks/webpack.js?v=1785508129316:704:31)
    at __webpack_require__ (http://localhost:3005/_next/static/chunks/webpack.js?v=1785508129316:29:33)
    at fn (http://localhost:3005/_next/static/chunks/webpack.js?v=1785508129316:361:21)
    at eval (webpack-internal:///(app-pages-browser)/./node_modules/.pnpm/next@15.5.22_react-dom@19.2.8_react@19.2.8__react@19.2.8/node_modules/next/dist/compiled/react/cjs/react-jsx-dev-runtime.development.js:274:17)
    at eval (webpack-internal:///(app-pages-browser)/./node_modules/.pnpm/next@15.5.22_react-dom@19.2.8_react@19.2.8__react@19.2.8/node_modules/next/dist/compiled/react/cjs/react-jsx-dev-runtime.development.js:326:5)
    at (app-pages-browser)/./node_modules/.pnpm/next@15.5.22_react-dom@19.2.8_react@19.2.8__react@19.2.8/node_modules/next/dist/compiled/react/cjs/react-jsx-dev-runtime.development.js (http://localhost:3005/_next/static/chunks/app/page.js:4510:1)
    at options.factory (http://localhost:3005/_next/static/chunks/webpack.js?v=1785508129316:704:31)
    at __webpack_require__ (http://localhost:3005/_next/static/chunks/webpack.js?v=1785508129316:29:33)
    at fn (http://localhost:3005/_next/static/chunks/webpack.js?v=1785508129316:361:21)
    at eval (webpack-internal:///(app-pages-browser)/./node_modules/.pnpm/next@15.5.22_react-dom@19.2.8_react@19.2.8__react@19.2.8/node_modules/next/dist/compiled/react/jsx-dev-runtime.js:4:20)
    at (app-pages-browser)/./node_modules/.pnpm/next@15.5.22_react-dom@19.2.8_react@19.2.8__react@19.2.8/node_modules/next/dist/compiled/react/jsx-dev-runtime.js (http://localhost:3005/_next/static/chunks/app/page.js:4521:1)
    at options.factory (http://localhost:3005/_next/static/chunks/webpack.js?v=1785508129316:704:31)
    at __webpack_require__ (http://localhost:3005/_next/static/chunks/webpack.js?v=1785508129316:29:33)
    at fn (http://localhost:3005/_next/static/chunks/webpack.js?v=1785508129316:361:21)
    at eval (webpack-internal:///(app-pages-browser)/./components/site.tsx:12:79)
    at (app-pages-browser)/./components/site.tsx (http://localhost:3005/_next/static/chunks/app/page.js:4467:1)
    at options.factory (http://localhost:3005/_next/static/chunks/webpack.js?v=1785508129316:704:31)
    at __webpack_require__ (http://localhost:3005/_next/static/chunks/webpack.js?v=1785508129316:29:33)
    at fn (http://localhost:3005/_next/static/chunks/webpack.js?v=1785508129316:361:21)
[  620684ms] TypeError: Cannot read properties of undefined (reading 'call')
    at options.factory (http://localhost:3005/_next/static/chunks/webpack.js?v=1785508129316:704:31)
    at __webpack_require__ (http://localhost:3005/_next/static/chunks/webpack.js?v=1785508129316:29:33)
    at fn (http://localhost:3005/_next/static/chunks/webpack.js?v=1785508129316:361:21)
    at eval (webpack-internal:///(app-pages-browser)/./node_modules/.pnpm/next@15.5.22_react-dom@19.2.8_react@19.2.8__react@19.2.8/node_modules/next/dist/client/app-dir/link.js:31:35)
    at (app-pages-browser)/./node_modules/.pnpm/next@15.5.22_react-dom@19.2.8_react@19.2.8__react@19.2.8/node_modules/next/dist/client/app-dir/link.js (http://localhost:3005/_next/static/chunks/app/page.js:4488:1)
    at options.factory (http://localhost:3005/_next/static/chunks/webpack.js?v=1785508129316:704:31)
    at __webpack_require__ (http://localhost:3005/_next/static/chunks/webpack.js?v=1785508129316:29:33)
    at fn (http://localhost:3005/_next/static/chunks/webpack.js?v=1785508129316:361:21)
    at __webpack_require__.t (http://localhost:3005/_next/static/chunks/webpack.js?v=1785508129316:107:38)
[  620712ms] TypeError: Cannot read properties of undefined (reading 'call')
    at options.factory (http://localhost:3005/_next/static/chunks/webpack.js?v=1785508129316:704:31)
    at __webpack_require__ (http://localhost:3005/_next/static/chunks/webpack.js?v=1785508129316:29:33)
    at fn (http://localhost:3005/_next/static/chunks/webpack.js?v=1785508129316:361:21)
    at eval (webpack-internal:///(app-pages-browser)/./node_modules/.pnpm/next@15.5.22_react-dom@19.2.8_react@19.2.8__react@19.2.8/node_modules/next/dist/compiled/react/cjs/react-jsx-dev-runtime.development.js:274:17)
    at eval (webpack-internal:///(app-pages-browser)/./node_modules/.pnpm/next@15.5.22_react-dom@19.2.8_react@19.2.8__react@19.2.8/node_modules/next/dist/compiled/react/cjs/react-jsx-dev-runtime.development.js:326:5)
    at (app-pages-browser)/./node_modules/.pnpm/next@15.5.22_react-dom@19.2.8_react@19.2.8__react@19.2.8/node_modules/next/dist/compiled/react/cjs/react-jsx-dev-runtime.development.js (http://localhost:3005/_next/static/chunks/app/page.js:4510:1)
    at options.factory (http://localhost:3005/_next/static/chunks/webpack.js?v=1785508129316:704:31)
    at __webpack_require__ (http://localhost:3005/_next/static/chunks/webpack.js?v=1785508129316:29:33)
    at fn (http://localhost:3005/_next/static/chunks/webpack.js?v=1785508129316:361:21)
    at eval (webpack-internal:///(app-pages-browser)/./node_modules/.pnpm/next@15.5.22_react-dom@19.2.8_react@19.2.8__react@19.2.8/node_modules/next/dist/compiled/react/jsx-dev-runtime.js:4:20)
    at (app-pages-browser)/./node_modules/.pnpm/next@15.5.22_react-dom@19.2.8_react@19.2.8__react@19.2.8/node_modules/next/dist/compiled/react/jsx-dev-runtime.js (http://localhost:3005/_next/static/chunks/app/page.js:4521:1)
    at options.factory (http://localhost:3005/_next/static/chunks/webpack.js?v=1785508129316:704:31)
    at __webpack_require__ (http://localhost:3005/_next/static/chunks/webpack.js?v=1785508129316:29:33)
    at fn (http://localhost:3005/_next/static/chunks/webpack.js?v=1785508129316:361:21)
    at eval (webpack-internal:///(app-pages-browser)/./components/motion.tsx:10:79)
    at (app-pages-browser)/./components/motion.tsx (http://localhost:3005/_next/static/chunks/app/page.js:4456:1)
    at options.factory (http://localhost:3005/_next/static/chunks/webpack.js?v=1785508129316:704:31)
    at __webpack_require__ (http://localhost:3005/_next/static/chunks/webpack.js?v=1785508129316:29:33)
    at fn (http://localhost:3005/_next/static/chunks/webpack.js?v=1785508129316:361:21)
    at requireModule (webpack-internal:///(app-pages-browser)/../node_modules/.pnpm/next@15.4.6_@opentelemetry+api@1.9.1_@playwright+test@1.58.2_react-dom@19.2.0_react@19.2.0__react@19.2.0/node_modules/next/dist/compiled/react-server-dom-webpack/cjs/react-server-dom-webpack-client.browser.development.js:100:27)
    at initializeModuleChunk (webpack-internal:///(app-pages-browser)/../node_modules/.pnpm/next@15.4.6_@opentelemetry+api@1.9.1_@playwright+test@1.58.2_react-dom@19.2.0_react@19.2.0__react@19.2.0/node_modules/next/dist/compiled/react-server-dom-webpack/cjs/react-server-dom-webpack-client.browser.development.js:1133:21)
    at readChunk (webpack-internal:///(app-pages-browser)/../node_modules/.pnpm/next@15.4.6_@opentelemetry+api@1.9.1_@playwright+test@1.58.2_react-dom@19.2.0_react@19.2.0__react@19.2.0/node_modules/next/dist/compiled/react-server-dom-webpack/cjs/react-server-dom-webpack-client.browser.development.js:938:11)
    at Object.react_stack_bottom_frame (webpack-internal:///(app-pages-browser)/../node_modules/.pnpm/next@15.4.6_@opentelemetry+api@1.9.1_@playwright+test@1.58.2_react-dom@19.2.0_react@19.2.0__react@19.2.0/node_modules/next/dist/compiled/react-dom/cjs/react-dom-client.development.js:23660:18)
    at beginWork (webpack-internal:///(app-pages-browser)/../node_modules/.pnpm/next@15.4.6_@opentelemetry+api@1.9.1_@playwright+test@1.58.2_react-dom@19.2.0_react@19.2.0__react@19.2.0/node_modules/next/dist/compiled/react-dom/cjs/react-dom-client.development.js:10606:24)
    at runWithFiberInDEV (webpack-internal:///(app-pages-browser)/../node_modules/.pnpm/next@15.4.6_@opentelemetry+api@1.9.1_@playwright+test@1.58.2_react-dom@19.2.0_react@19.2.0__react@19.2.0/node_modules/next/dist/compiled/react-dom/cjs/react-dom-client.development.js:873:30)
    at performUnitOfWork (webpack-internal:///(app-pages-browser)/../node_modules/.pnpm/next@15.4.6_@opentelemetry+api@1.9.1_@playwright+test@1.58.2_react-dom@19.2.0_react@19.2.0__react@19.2.0/node_modules/next/dist/compiled/react-dom/cjs/react-dom-client.development.js:15678:22)
    at workLoopConcurrentByScheduler (webpack-internal:///(app-pages-browser)/../node_modules/.pnpm/next@15.4.6_@opentelemetry+api@1.9.1_@playwright+test@1.58.2_react-dom@19.2.0_react@19.2.0__react@19.2.0/node_modules/next/dist/compiled/react-dom/cjs/react-dom-client.development.js:15672:9)
    at renderRootConcurrent (webpack-internal:///(app-pages-browser)/../node_modules/.pnpm/next@15.4.6_@opentelemetry+api@1.9.1_@playwright+test@1.58.2_react-dom@19.2.0_react@19.2.0__react@19.2.0/node_modules/next/dist/compiled/react-dom/cjs/react-dom-client.development.js:15647:15)
    at performWorkOnRoot (webpack-internal:///(app-pages-browser)/../node_modules/.pnpm/next@15.4.6_@opentelemetry+api@1.9.1_@playwright+test@1.58.2_react-dom@19.2.0_react@19.2.0__react@19.2.0/node_modules/next/dist/compiled/react-dom/cjs/react-dom-client.development.js:14941:13)
    at performWorkOnRootViaSchedulerTask (webpack-internal:///(app-pages-browser)/../node_modules/.pnpm/next@15.4.6_@opentelemetry+api@1.9.1_@playwright+test@1.58.2_react-dom@19.2.0_react@19.2.0__react@19.2.0/node_modules/next/dist/compiled/react-dom/cjs/react-dom-client.development.js:16767:7)
    at MessagePort.performWorkUntilDeadline (webpack-internal:///(app-pages-browser)/../node_modules/.pnpm/next@15.4.6_@opentelemetry+api@1.9.1_@playwright+test@1.58.2_react-dom@19.2.0_react@19.2.0__react@19.2.0/node_modules/next/dist/compiled/scheduler/cjs/scheduler.development.js:45:48)
[  620748ms] [ERROR] Failed to load resource: the server responded with a status of 404 (Not Found) @ http://localhost:3005/favicon.ico:0
[  782505ms] [ERROR] WebSocket connection to 'ws://localhost:3005/_next/webpack-hmr' failed:  @ webpack-internal:///(app-pages-browser)/../node_modules/.pnpm/next@15.4.6_@opentelemetry+api@1.9.1_@playwright+test@1.58.2_react-dom@19.2.0_react@19.2.0__react@19.2.0/node_modules/next/dist/client/dev/hot-reloader/app/use-websocket.js:41
